src/components/ChartWidget.tsx(349,37): error TS2339: Property 'cluster' does not exist on type '{ readonly format: "Format"; readonly compact: "K─▒sa (1.2K)"; readonly full: "Tam (1,200)"; readonly remove: "Grafi─şi Kald─▒r"; readonly insight: "─░├ğg├Âr├╝:"; readonly warningLowR2: "Optimizasyon Uyar─▒s─▒: Model uyumu (R┬▓) d├╝┼ş├╝k. Stratejik g├╝ven k─▒s─▒tl─▒."; ... 5 more ...; readonly typeArea: "Alan"; }'.
src/components/ChartWidget.tsx(349,70): error TS2339: Property 'size' does not exist on type '{ readonly format: "Format"; readonly compact: "K─▒sa (1.2K)"; readonly full: "Tam (1,200)"; readonly remove: "Grafi─şi Kald─▒r"; readonly insight: "─░├ğg├Âr├╝:"; readonly warningLowR2: "Optimizasyon Uyar─▒s─▒: Model uyumu (R┬▓) d├╝┼ş├╝k. Stratejik g├╝ven k─▒s─▒tl─▒."; ... 5 more ...; readonly typeArea: "Alan"; }'.
src/components/ChartWidget.tsx(349,98): error TS2339: Property 'features' does not exist on type '{ readonly format: "Format"; readonly compact: "K─▒sa (1.2K)"; readonly full: "Tam (1,200)"; readonly remove: "Grafi─şi Kald─▒r"; readonly insight: "─░├ğg├Âr├╝:"; readonly warningLowR2: "Optimizasyon Uyar─▒s─▒: Model uyumu (R┬▓) d├╝┼ş├╝k. Stratejik g├╝ven k─▒s─▒tl─▒."; ... 5 more ...; readonly typeArea: "Alan"; }'.
src/components/ChartWidget.tsx(368,33): error TS2339: Property 'varA' does not exist on type '{ readonly format: "Format"; readonly compact: "K─▒sa (1.2K)"; readonly full: "Tam (1,200)"; readonly remove: "Grafi─şi Kald─▒r"; readonly insight: "─░├ğg├Âr├╝:"; readonly warningLowR2: "Optimizasyon Uyar─▒s─▒: Model uyumu (R┬▓) d├╝┼ş├╝k. Stratejik g├╝ven k─▒s─▒tl─▒."; ... 5 more ...; readonly typeArea: "Alan"; }'.
src/components/ChartWidget.tsx(368,66): error TS2339: Property 'varB' does not exist on type '{ readonly format: "Format"; readonly compact: "K─▒sa (1.2K)"; readonly full: "Tam (1,200)"; readonly remove: "Grafi─şi Kald─▒r"; readonly insight: "─░├ğg├Âr├╝:"; readonly warningLowR2: "Optimizasyon Uyar─▒s─▒: Model uyumu (R┬▓) d├╝┼ş├╝k. Stratejik g├╝ven k─▒s─▒tl─▒."; ... 5 more ...; readonly typeArea: "Alan"; }'.
src/components/ChartWidget.tsx(368,99): error TS2339: Property 'strength' does not exist on type '{ readonly format: "Format"; readonly compact: "K─▒sa (1.2K)"; readonly full: "Tam (1,200)"; readonly remove: "Grafi─şi Kald─▒r"; readonly insight: "─░├ğg├Âr├╝:"; readonly warningLowR2: "Optimizasyon Uyar─▒s─▒: Model uyumu (R┬▓) d├╝┼ş├╝k. Stratejik g├╝ven k─▒s─▒tl─▒."; ... 5 more ...; readonly typeArea: "Alan"; }'.
src/components/DataGrid.tsx(117,28): error TS2339: Property 'actions' does not exist on type '{ readonly dashboard: { readonly tabs: { readonly insights: "Analizler"; readonly data: "Veri Gezgini"; }; readonly settings: { readonly numberFormat: "Say─▒ Format─▒"; readonly compact: "K─▒sa Format (1.2K)"; readonly full: "Tam Format (1,200)"; }; ... 12 more ...; readonly chartRemoved: "Grafik kald─▒r─▒ld─▒."; }; ... 6...'.
src/components/Sidebar.tsx(29,35): error TS6133: 'isOpen' is declared but its value is never read.
